16:25:25:699  INFO 23592 --- [main] com.hmall.item.ItemApplication           : Starting ItemApplication using Java 11.0.27 on 哦哦杰 with PID 23592 (D:\Development\Java\hmall\item-service\target\classes started by lch in D:\Development\Java\hmall)
16:25:25:700 DEBUG 23592 --- [main] com.hmall.item.ItemApplication           : Running with Spring Boot v2.7.12, Spring v5.3.27
16:25:25:701  INFO 23592 --- [main] com.hmall.item.ItemApplication           : The following 1 profile is active: "local"
16:25:26:384  INFO 23592 --- [main] .s.d.r.c.RepositoryConfigurationDelegate : Multiple Spring Data modules found, entering strict repository configuration mode
16:25:26:387  INFO 23592 --- [main] .s.d.r.c.RepositoryConfigurationDelegate : Bootstrapping Spring Data Redis repositories in DEFAULT mode.
16:25:26:410  INFO 23592 --- [main] .s.d.r.c.RepositoryConfigurationDelegate : Finished Spring Data repository scanning in 10 ms. Found 0 Redis repository interfaces.
16:25:26:835  INFO 23592 --- [main] o.s.b.w.embedded.tomcat.TomcatWebServer  : Tomcat initialized with port(s): 8081 (http)
16:25:26:846  INFO 23592 --- [main] o.apache.catalina.core.StandardService   : Starting service [Tomcat]
16:25:26:846  INFO 23592 --- [main] org.apache.catalina.core.StandardEngine  : Starting Servlet engine: [Apache Tomcat/9.0.75]
16:25:26:993  INFO 23592 --- [main] o.a.c.c.C.[Tomcat].[localhost].[/]       : Initializing Spring embedded WebApplicationContext
16:25:26:993  INFO 23592 --- [main] w.s.c.ServletWebServerApplicationContext : Root WebApplicationContext: initialization completed in 1256 ms
16:25:28:065  INFO 23592 --- [main] pertySourcedRequestMappingHandlerMapping : Mapped URL path [/v2/api-docs] onto method [springfox.documentation.swagger2.web.Swagger2ControllerWebMvc#getDocumentation(String, HttpServletRequest)]
16:25:28:421  INFO 23592 --- [main] o.s.b.w.embedded.tomcat.TomcatWebServer  : Tomcat started on port(s): 8081 (http) with context path ''
16:25:28:422  INFO 23592 --- [main] d.s.w.p.DocumentationPluginsBootstrapper : Documentation plugins bootstrapped
16:25:28:423  INFO 23592 --- [main] d.s.w.p.DocumentationPluginsBootstrapper : Found 1 custom documentation plugin(s)
16:25:28:438  INFO 23592 --- [main] s.d.s.w.s.ApiListingReferenceScanner     : Scanning for api listing references
16:25:28:451  INFO 23592 --- [main] com.hmall.item.ItemApplication           : Started ItemApplication in 3.104 seconds (JVM running for 3.901)
16:26:15:418  INFO 23592 --- [http-nio-8081-exec-1] o.a.c.c.C.[Tomcat].[localhost].[/]       : Initializing Spring DispatcherServlet 'dispatcherServlet'
16:26:15:419  INFO 23592 --- [http-nio-8081-exec-1] o.s.web.servlet.DispatcherServlet        : Initializing Servlet 'dispatcherServlet'
16:26:15:421  INFO 23592 --- [http-nio-8081-exec-1] o.s.web.servlet.DispatcherServlet        : Completed initialization in 2 ms
16:28:06:754  INFO 26824 --- [main] com.hmall.item.ItemApplication           : Starting ItemApplication using Java 11.0.27 on 哦哦杰 with PID 26824 (D:\Development\Java\hmall\item-service\target\classes started by lch in D:\Development\Java\hmall)
16:28:06:756 DEBUG 26824 --- [main] com.hmall.item.ItemApplication           : Running with Spring Boot v2.7.12, Spring v5.3.27
16:28:06:757  INFO 26824 --- [main] com.hmall.item.ItemApplication           : The following 1 profile is active: "local"
16:28:07:301  INFO 26824 --- [main] .s.d.r.c.RepositoryConfigurationDelegate : Multiple Spring Data modules found, entering strict repository configuration mode
16:28:07:302  INFO 26824 --- [main] .s.d.r.c.RepositoryConfigurationDelegate : Bootstrapping Spring Data Redis repositories in DEFAULT mode.
16:28:07:318  INFO 26824 --- [main] .s.d.r.c.RepositoryConfigurationDelegate : Finished Spring Data repository scanning in 7 ms. Found 0 Redis repository interfaces.
16:28:07:680  INFO 26824 --- [main] o.s.b.w.embedded.tomcat.TomcatWebServer  : Tomcat initialized with port(s): 8081 (http)
16:28:07:686  INFO 26824 --- [main] o.apache.catalina.core.StandardService   : Starting service [Tomcat]
16:28:07:687  INFO 26824 --- [main] org.apache.catalina.core.StandardEngine  : Starting Servlet engine: [Apache Tomcat/9.0.75]
16:28:07:797  INFO 26824 --- [main] o.a.c.c.C.[Tomcat].[localhost].[/]       : Initializing Spring embedded WebApplicationContext
16:28:07:798  INFO 26824 --- [main] w.s.c.ServletWebServerApplicationContext : Root WebApplicationContext: initialization completed in 1010 ms
16:28:08:706  INFO 26824 --- [main] pertySourcedRequestMappingHandlerMapping : Mapped URL path [/v2/api-docs] onto method [springfox.documentation.swagger2.web.Swagger2ControllerWebMvc#getDocumentation(String, HttpServletRequest)]
16:28:08:951  INFO 26824 --- [main] o.s.b.w.embedded.tomcat.TomcatWebServer  : Tomcat started on port(s): 8081 (http) with context path ''
16:28:08:951  INFO 26824 --- [main] d.s.w.p.DocumentationPluginsBootstrapper : Documentation plugins bootstrapped
16:28:08:953  INFO 26824 --- [main] d.s.w.p.DocumentationPluginsBootstrapper : Found 1 custom documentation plugin(s)
16:28:08:970  INFO 26824 --- [main] s.d.s.w.s.ApiListingReferenceScanner     : Scanning for api listing references
16:28:09:054  INFO 26824 --- [main] com.hmall.item.ItemApplication           : Started ItemApplication in 2.599 seconds (JVM running for 3.269)
16:28:13:539  INFO 26824 --- [http-nio-8081-exec-1] o.a.c.c.C.[Tomcat].[localhost].[/]       : Initializing Spring DispatcherServlet 'dispatcherServlet'
16:28:13:540  INFO 26824 --- [http-nio-8081-exec-1] o.s.web.servlet.DispatcherServlet        : Initializing Servlet 'dispatcherServlet'
16:28:13:542  INFO 26824 --- [http-nio-8081-exec-1] o.s.web.servlet.DispatcherServlet        : Completed initialization in 1 ms
16:28:18:704  INFO 26824 --- [http-nio-8081-exec-4] com.zaxxer.hikari.HikariDataSource       : HikariPool-1 - Starting...
16:28:19:132  INFO 26824 --- [http-nio-8081-exec-4] com.zaxxer.hikari.HikariDataSource       : HikariPool-1 - Start completed.
16:28:19:143 DEBUG 26824 --- [http-nio-8081-exec-4] c.h.i.m.ItemMapper.selectPage_mpCount    : ==>  Preparing: SELECT COUNT(*) FROM item WHERE (status = ?)
16:28:19:172 DEBUG 26824 --- [http-nio-8081-exec-4] c.h.i.m.ItemMapper.selectPage_mpCount    : ==> Parameters: 1(Integer)
16:28:19:220 DEBUG 26824 --- [http-nio-8081-exec-4] c.h.i.m.ItemMapper.selectPage_mpCount    : <==      Total: 1
16:28:19:236 DEBUG 26824 --- [http-nio-8081-exec-4] c.h.item.mapper.ItemMapper.selectPage    : ==>  Preparing: SELECT id, name, price, stock, image, category, brand, spec, sold, comment_count, isAD, status, create_time, update_time, creater, updater FROM item WHERE (status = ?) ORDER BY update_time DESC LIMIT ?
16:28:19:237 DEBUG 26824 --- [http-nio-8081-exec-4] c.h.item.mapper.ItemMapper.selectPage    : ==> Parameters: 1(Integer), 20(Long)
16:28:19:257 DEBUG 26824 --- [http-nio-8081-exec-4] c.h.item.mapper.ItemMapper.selectPage    : <==      Total: 20
16:28:26:828 DEBUG 26824 --- [http-nio-8081-exec-5] c.h.i.m.ItemMapper.selectPage_mpCount    : ==>  Preparing: SELECT COUNT(*) FROM item
16:28:26:829 DEBUG 26824 --- [http-nio-8081-exec-5] c.h.i.m.ItemMapper.selectPage_mpCount    : ==> Parameters: 
16:28:26:843 DEBUG 26824 --- [http-nio-8081-exec-5] c.h.i.m.ItemMapper.selectPage_mpCount    : <==      Total: 1
16:28:26:845 DEBUG 26824 --- [http-nio-8081-exec-5] c.h.item.mapper.ItemMapper.selectPage    : ==>  Preparing: SELECT id, name, price, stock, image, category, brand, spec, sold, comment_count, isAD, status, create_time, update_time, creater, updater FROM item ORDER BY update_time DESC LIMIT ?
16:28:26:846 DEBUG 26824 --- [http-nio-8081-exec-5] c.h.item.mapper.ItemMapper.selectPage    : ==> Parameters: 20(Long)
16:28:26:852 DEBUG 26824 --- [http-nio-8081-exec-5] c.h.item.mapper.ItemMapper.selectPage    : <==      Total: 20
16:28:55:317 DEBUG 26824 --- [http-nio-8081-exec-2] c.h.i.mapper.ItemMapper.selectBatchIds   : ==>  Preparing: SELECT id,name,price,stock,image,category,brand,spec,sold,comment_count,isAD,status,create_time,update_time,creater,updater FROM item WHERE id IN ( ? , ? , ? )
16:28:55:318 DEBUG 26824 --- [http-nio-8081-exec-2] c.h.i.mapper.ItemMapper.selectBatchIds   : ==> Parameters: 100002672302(Long), 100002624500(Long), 100002533430(Long)
16:28:55:322 DEBUG 26824 --- [http-nio-8081-exec-2] c.h.i.mapper.ItemMapper.selectBatchIds   : <==      Total: 3
16:43:43:809  INFO 26824 --- [SpringApplicationShutdownHook] com.zaxxer.hikari.HikariDataSource       : HikariPool-1 - Shutdown initiated...
16:43:43:831  INFO 26824 --- [SpringApplicationShutdownHook] com.zaxxer.hikari.HikariDataSource       : HikariPool-1 - Shutdown completed.
